
> vibe-agency@0.1.0 build
> next build

node.exe : ÔÜá `eslint` 
configuration in 
next.config.js is no longer 
supported. See more info 
here: https://nextjs.org/docs
/app/api-reference/cli/next#n
ext-lint-options
At line:1 char:1
+ & "C:\Program 
Files\nodejs/node.exe" 
"C:\Program 
Files\nodejs/node_mo ...
+ ~~~~~~~~~~~~~~~~~~~~~~~~~~~
~~~~~~~~~~~~~~~~~~~~~~~~~~~~~
~~~~~~~~~~~~~
    + CategoryInfo           
   : NotSpecified    : (ÔÜá 
`eslint` co.    
..xt-lint-options:S    
tring) [], RemoteEx    
ception
    + FullyQualifiedErr    
orId : NativeComman    dError
 
ÔÜá Invalid next.config.js 
options detected: 
ÔÜá     Unrecognized key(s) 
in object: 'eslint'
ÔÜá See more info here: https
://nextjs.org/docs/messages/i
nvalid-next-config
ÔÜá Warning: Next.js 
inferred your workspace 
root, but it may not be 
correct.
 We detected multiple 
lockfiles and selected the 
directory of C:\Users\Luke 
Needham\package-lock.json as 
the root directory.
 To silence this warning, 
set `turbopack.root` in your 
Next.js config, or consider 
removing one of the 
lockfiles if it's not needed.
   See https://nextjs.org/doc
s/app/api-reference/config/ne
xt-config-js/turbopack#root-d
irectory for more 
information.
 Detected additional 
lockfiles: 
   * C:\Users\Luke 
Needham\Documents\uk sourced 
site\vibe-agency\package-lock
.json

Ôû▓ Next.js 16.1.3 (Turbopack)
- Environments: .env.local

  Creating an optimized production build ...
Ô£ô Compiled successfully in 7.1s
  Running TypeScript ...
  Collecting page data using 11 workers ...
  Generating static pages using 11 workers (0/21) ...
  Generating static pages using 11 workers (5/21) 
  Generating static pages using 11 workers (10/21) 
  Generating static pages using 11 workers (15/21) 
Ô£ô Generating static pages using 11 workers (21/21) in 702.7ms
  Finalizing page optimization ...

Route (app)
Ôöî Ôùï /
Ôö£ Ôùï /_not-found
Ôö£ Ôùï /about
Ôö£ Ôùï /admin
Ôö£ Ôùï /admin/blogs
Ôö£ ãÆ /admin/blogs/[id]
Ôö£ Ôùï /admin/blogs/new
Ôö£ Ôùï /admin/images
Ôö£ Ôùï /admin/leads
Ôö£ Ôùï /admin/media
Ôö£ ãÆ /api/chat
Ôö£ ãÆ /api/leads
Ôö£ ãÆ /api/wholesale-pricing
Ôö£ Ôùï /blog
Ôö£ ãÆ /blog/[id]
Ôö£ Ôùï /consulting
Ôö£ Ôùï /contact
Ôö£ Ôùï /management
Ôö£ Ôùï /privacy
Ôö£ Ôùï /terms
Ôöö Ôùï /wholesale


Ôùï  (Static)   prerendered as static content
ãÆ  (Dynamic)  server-rendered on demand

